
TuX3@T3554 MINGW64 /c/generation/ch46/javascript
$ ls
js02-funciones/

TuX3@T3554 MINGW64 /c/generation/ch46/javascript
$ git init
Initialized empty Git repository in C:/generation/ch46/javascript/.git/

TuX3@T3554 MINGW64 /c/generation/ch46/javascript (master)
$ git branch -m main

TuX3@T3554 MINGW64 /c/generation/ch46/javascript (main)
$ git status
On branch main

No commits yet

Untracked files:
  (use "git add <file>..." to include in what will be committed)
        js02-funciones/

nothing added to commit but untracked files present (use "git add" to track)

TuX3@T3554 MINGW64 /c/generation/ch46/javascript (main)
$ git add .

TuX3@T3554 MINGW64 /c/generation/ch46/javascript (main)
$ git status
On branch main

No commits yet

Changes to be committed:
  (use "git rm --cached <file>..." to unstage)
        new file:   js02-funciones/js02-funciones.html
        new file:   js02-funciones/script.js
        new file:   js02-funciones/style.css


TuX3@T3554 MINGW64 /c/generation/ch46/javascript (main)
$ git commit -m "feat: archivos html, css, js para js02 funciones"
[main (root-commit) 4ac44c1] feat: archivos html, css, js para js02 funciones
 3 files changed, 63 insertions(+)
 create mode 100644 js02-funciones/js02-funciones.html
 create mode 100644 js02-funciones/script.js
 create mode 100644 js02-funciones/style.css

TuX3@T3554 MINGW64 /c/generation/ch46/javascript (main)
$ git status
On branch main
nothing to commit, working tree clean

TuX3@T3554 MINGW64 /c/generation/ch46/javascript (main)
$ git remote add origin git@github.com:sergiotrrs/Ch46-Sesiones-JavaScript.git

TuX3@T3554 MINGW64 /c/generation/ch46/javascript (main)
$ git remote -v
origin  git@github.com:sergiotrrs/Ch46-Sesiones-JavaScript.git (fetch)
origin  git@github.com:sergiotrrs/Ch46-Sesiones-JavaScript.git (push)

TuX3@T3554 MINGW64 /c/generation/ch46/javascript (main)
$ git remote -v
origin  git@github.com:sergiotrrs/Ch46-Sesiones-JavaScript.git (fetch)
origin  git@github.com:sergiotrrs/Ch46-Sesiones-JavaScript.git (push)

TuX3@T3554 MINGW64 /c/generation/ch46/javascript (main)
$ git push -u origin main
Enumerating objects: 6, done.
Counting objects: 100% (6/6), done.
Delta compression using up to 8 threads
Compressing objects: 100% (4/4), done.
Writing objects: 100% (6/6), 1.39 KiB | 1.39 MiB/s, done.
Total 6 (delta 0), reused 0 (delta 0), pack-reused 0
To github.com:sergiotrrs/Ch46-Sesiones-JavaScript.git
 * [new branch]      main -> main
branch 'main' set up to track 'origin/main'.

TuX3@T3554 MINGW64 /c/generation/ch46/javascript (main)
$ git push
Everything up-to-date
